
Map of Debug\stm8s003.sm8 from link file Debug\stm8s003.lkf - Tue Nov 28 09:25:28 2017


                               --------
                               Segments
                               --------

start 00008080 end 0000824c length   460 segment .const
start 0000826a end 00008b08 length  2206 segment .text
start 00004000 end 00004000 length     0 segment .eeprom
start 00000000 end 00000016 length    22 segment .bsct, initialized
start 00008254 end 0000826a length    22 segment .bsct, from
start 00000016 end 000000ba length   164 segment .ubsct
start 000000ba end 000000ba length     0 segment .bit
start 000000ba end 000000ba length     0 segment .share
start 00000100 end 00000100 length     0 segment .data
start 00000100 end 00000100 length     0 segment .bss
start 00000000 end 00001017 length  4119 segment .info.
start 00000000 end 00011457 length 70743 segment .debug
start 00008000 end 00008080 length   128 segment .const
start 0000824c end 00008254 length     8 segment .init


                               -------
                               Modules
                               -------

C:\Program Files\COSMIC\FSE_Compilers\CXSTM8\Lib\crtsi0.sm8:
start 0000826a end 000082ba length    80 section .text
start 00000100 end 00000100 length     0 section .bss
start 00000016 end 00000016 length     0 section .ubsct
start 00000000 end 0000002f length    47 section .info.

Debug\main.o:
start 00000000 end 00000016 length    22 section .bsct
start 00000016 end 000000b4 length   158 section .ubsct
start 00000000 end 000007e1 length  2017 section .debug
start 0000002f end 000000bf length   144 section .info.
start ******** end ******** length     0 section .text *** removed ***
start 000082ba end 000082ed length    51 section .text
start 000082ed end 000082ef length     2 section .text
start ******** end ******** length     0 section .text *** removed ***
start 000082ef end 000082f6 length     7 section .text
start ******** end ******** length     0 section .text *** removed ***
start 000082f6 end 00008495 length   415 section .text
start 00008080 end 000080a8 length    40 section .const
start 00008495 end 000085d6 length   321 section .text
start 000085d6 end 000085d7 length     1 section .text
start 000085d7 end 0000862e length    87 section .text
start 0000862e end 00008633 length     5 section .text
start 00008633 end 00008658 length    37 section .text

Debug\stm8s_it.o:
start 000007e1 end 00000ca4 length  1219 section .debug
start 000000bf end 00000153 length   148 section .info.
start 00008658 end 00008659 length     1 section .text
start 00008659 end 0000865a length     1 section .text
start 0000865a end 0000865b length     1 section .text
start 0000865b end 0000865c length     1 section .text
start 0000865c end 0000865d length     1 section .text
start 0000865d end 0000865e length     1 section .text
start 0000865e end 0000865f length     1 section .text
start 0000865f end 00008660 length     1 section .text
start 00008660 end 00008661 length     1 section .text
start 00008661 end 00008662 length     1 section .text
start 00008662 end 00008663 length     1 section .text
start 00008663 end 00008664 length     1 section .text
start 00008664 end 00008665 length     1 section .text
start 00008665 end 00008666 length     1 section .text
start 00008666 end 00008667 length     1 section .text
start 00008667 end 00008668 length     1 section .text

Debug\stm8s_adc1.o:
start 00000ca4 end 00002295 length  5617 section .debug
start 00000153 end 000001e9 length   150 section .info.
start ******** end ******** length     0 section .text *** removed ***
start ******** end ******** length     0 section .text *** removed ***
start ******** end ******** length     0 section .text *** removed ***
start ******** end ******** length     0 section .text *** removed ***
start ******** end ******** length     0 section .text *** removed ***
start ******** end ******** length     0 section .text *** removed ***
start ******** end ******** length     0 section .text *** removed ***
start ******** end ******** length     0 section .text *** removed ***
start ******** end ******** length     0 section .text *** removed ***
start ******** end ******** length     0 section .text *** removed ***
start ******** end ******** length     0 section .text *** removed ***
start ******** end ******** length     0 section .text *** removed ***
start ******** end ******** length     0 section .text *** removed ***
start ******** end ******** length     0 section .text *** removed ***
start ******** end ******** length     0 section .text *** removed ***
start ******** end ******** length     0 section .text *** removed ***
start ******** end ******** length     0 section .text *** removed ***
start ******** end ******** length     0 section .text *** removed ***
start ******** end ******** length     0 section .text *** removed ***
start ******** end ******** length     0 section .text *** removed ***
start ******** end ******** length     0 section .text *** removed ***
start ******** end ******** length     0 section .const *** removed ***

Debug\stm8s_awu.o:
start 00002295 end 00002854 length  1471 section .debug
start 000001e9 end 0000027e length   149 section .info.
start ******** end ******** length     0 section .const *** removed ***
start ******** end ******** length     0 section .text *** removed ***
start ******** end ******** length     0 section .text *** removed ***
start ******** end ******** length     0 section .text *** removed ***
start ******** end ******** length     0 section .text *** removed ***
start ******** end ******** length     0 section .text *** removed ***
start ******** end ******** length     0 section .text *** removed ***

Debug\stm8s_beep.o:
start 00002854 end 00002b2f length   731 section .debug
start 0000027e end 00000314 length   150 section .info.
start ******** end ******** length     0 section .text *** removed ***
start ******** end ******** length     0 section .text *** removed ***
start 00008668 end 00008675 length    13 section .text
start ******** end ******** length     0 section .const *** removed ***
start ******** end ******** length     0 section .text *** removed ***

Debug\stm8s_clk.o:
start 00002b2f end 0000419e length  5743 section .debug
start 00000314 end 000003a9 length   149 section .info.
start 000080a8 end 000080f1 length    73 section .const
start ******** end ******** length     0 section .text *** removed ***
start ******** end ******** length     0 section .text *** removed ***
start ******** end ******** length     0 section .text *** removed ***
start ******** end ******** length     0 section .text *** removed ***
start ******** end ******** length     0 section .text *** removed ***
start ******** end ******** length     0 section .text *** removed ***
start ******** end ******** length     0 section .text *** removed ***
start ******** end ******** length     0 section .text *** removed ***
start ******** end ******** length     0 section .text *** removed ***
start ******** end ******** length     0 section .text *** removed ***
start 00008675 end 000086a5 length    48 section .text
start ******** end ******** length     0 section .text *** removed ***
start ******** end ******** length     0 section .text *** removed ***
start ******** end ******** length     0 section .text *** removed ***
start ******** end ******** length     0 section .text *** removed ***
start ******** end ******** length     0 section .text *** removed ***
start ******** end ******** length     0 section .text *** removed ***
start ******** end ******** length     0 section .text *** removed ***
start ******** end ******** length     0 section .text *** removed ***
start ******** end ******** length     0 section .text *** removed ***
start ******** end ******** length     0 section .text *** removed ***
start ******** end ******** length     0 section .text *** removed ***
start ******** end ******** length     0 section .text *** removed ***

Debug\stm8s_exti.o:
start 0000419e end 0000462d length  1167 section .debug
start 000003a9 end 0000043f length   150 section .info.
start ******** end ******** length     0 section .text *** removed ***
start 000086a5 end 0000874a length   165 section .text
start ******** end ******** length     0 section .text *** removed ***
start ******** end ******** length     0 section .text *** removed ***
start ******** end ******** length     0 section .text *** removed ***
start 000080f1 end 0000812f length    62 section .const

Debug\stm8s_flash.o:
start 0000462d end 0000540c length  3551 section .debug
start 0000043f end 000004d6 length   151 section .info.
start ******** end ******** length     0 section .text *** removed ***
start ******** end ******** length     0 section .text *** removed ***
start ******** end ******** length     0 section .text *** removed ***
start ******** end ******** length     0 section .text *** removed ***
start ******** end ******** length     0 section .const *** removed ***
start ******** end ******** length     0 section .text *** removed ***
start ******** end ******** length     0 section .text *** removed ***
start ******** end ******** length     0 section .text *** removed ***
start ******** end ******** length     0 section .text *** removed ***
start ******** end ******** length     0 section .text *** removed ***
start ******** end ******** length     0 section .text *** removed ***
start ******** end ******** length     0 section .text *** removed ***
start ******** end ******** length     0 section .text *** removed ***
start ******** end ******** length     0 section .text *** removed ***
start ******** end ******** length     0 section .text *** removed ***
start ******** end ******** length     0 section .text *** removed ***
start ******** end ******** length     0 section .text *** removed ***
start ******** end ******** length     0 section .text *** removed ***
start ******** end ******** length     0 section .text *** removed ***
start ******** end ******** length     0 section .text *** removed ***
start ******** end ******** length     0 section .text *** removed ***

Debug\stm8s_gpio.o:
start 0000540c end 00005e16 length  2570 section .debug
start 000004d6 end 0000056c length   150 section .info.
start ******** end ******** length     0 section .text *** removed ***
start 0000874a end 0000879b length    81 section .text
start ******** end ******** length     0 section .text *** removed ***
start ******** end ******** length     0 section .text *** removed ***
start ******** end ******** length     0 section .text *** removed ***
start ******** end ******** length     0 section .text *** removed ***
start ******** end ******** length     0 section .text *** removed ***
start ******** end ******** length     0 section .text *** removed ***
start ******** end ******** length     0 section .text *** removed ***
start ******** end ******** length     0 section .text *** removed ***
start ******** end ******** length     0 section .const *** removed ***

Debug\stm8s_i2c.o:
start 00005e16 end 0000739a length  5508 section .debug
start 0000056c end 00000601 length   149 section .info.
start ******** end ******** length     0 section .text *** removed ***
start ******** end ******** length     0 section .const *** removed ***
start ******** end ******** length     0 section .text *** removed ***
start ******** end ******** length     0 section .text *** removed ***
start ******** end ******** length     0 section .text *** removed ***
start ******** end ******** length     0 section .text *** removed ***
start ******** end ******** length     0 section .text *** removed ***
start ******** end ******** length     0 section .text *** removed ***
start ******** end ******** length     0 section .text *** removed ***
start ******** end ******** length     0 section .text *** removed ***
start ******** end ******** length     0 section .text *** removed ***
start ******** end ******** length     0 section .text *** removed ***
start ******** end ******** length     0 section .text *** removed ***
start ******** end ******** length     0 section .text *** removed ***
start ******** end ******** length     0 section .text *** removed ***
start ******** end ******** length     0 section .text *** removed ***
start ******** end ******** length     0 section .text *** removed ***
start ******** end ******** length     0 section .text *** removed ***
start ******** end ******** length     0 section .text *** removed ***
start ******** end ******** length     0 section .text *** removed ***
start ******** end ******** length     0 section .text *** removed ***

Debug\stm8s_itc.o:
start 0000739a end 0000799d length  1539 section .debug
start 00000601 end 00000696 length   149 section .info.
start 0000879b end 0000879e length     3 section .text
start ******** end ******** length     0 section .text *** removed ***
start 0000879e end 000087a4 length     6 section .text
start 0000812f end 000081d0 length   161 section .const
start 000087a4 end 00008811 length   109 section .text
start 00008811 end 00008902 length   241 section .text

Debug\stm8s_iwdg.o:
start 0000799d end 00007d3f length   930 section .debug
start 00000696 end 0000072c length   150 section .info.
start ******** end ******** length     0 section .text *** removed ***
start ******** end ******** length     0 section .text *** removed ***
start ******** end ******** length     0 section .text *** removed ***
start ******** end ******** length     0 section .text *** removed ***
start ******** end ******** length     0 section .text *** removed ***
start ******** end ******** length     0 section .const *** removed ***

Debug\stm8s_rst.o:
start 00007d3f end 00007f6e length   559 section .debug
start 0000072c end 000007c1 length   149 section .info.
start ******** end ******** length     0 section .text *** removed ***
start ******** end ******** length     0 section .text *** removed ***
start ******** end ******** length     0 section .const *** removed ***

Debug\stm8s_spi.o:
start 00007f6e end 00008eaa length  3900 section .debug
start 000007c1 end 00000856 length   149 section .info.
start ******** end ******** length     0 section .text *** removed ***
start ******** end ******** length     0 section .text *** removed ***
start ******** end ******** length     0 section .text *** removed ***
start ******** end ******** length     0 section .text *** removed ***
start ******** end ******** length     0 section .text *** removed ***
start ******** end ******** length     0 section .text *** removed ***
start ******** end ******** length     0 section .text *** removed ***
start ******** end ******** length     0 section .text *** removed ***
start ******** end ******** length     0 section .text *** removed ***
start ******** end ******** length     0 section .text *** removed ***
start ******** end ******** length     0 section .text *** removed ***
start ******** end ******** length     0 section .text *** removed ***
start ******** end ******** length     0 section .text *** removed ***
start ******** end ******** length     0 section .text *** removed ***
start ******** end ******** length     0 section .text *** removed ***
start ******** end ******** length     0 section .text *** removed ***
start ******** end ******** length     0 section .text *** removed ***
start ******** end ******** length     0 section .const *** removed ***

Debug\stm8s_tim1.o:
start 00008eaa end 0000ce34 length 16266 section .debug
start 00000856 end 000008ec length   150 section .info.
start ******** end ******** length     0 section .text *** removed ***
start ******** end ******** length     0 section .text *** removed ***
start ******** end ******** length     0 section .text *** removed ***
start ******** end ******** length     0 section .text *** removed ***
start ******** end ******** length     0 section .text *** removed ***
start ******** end ******** length     0 section .text *** removed ***
start ******** end ******** length     0 section .text *** removed ***
start ******** end ******** length     0 section .text *** removed ***
start ******** end ******** length     0 section .text *** removed ***
start ******** end ******** length     0 section .text *** removed ***
start ******** end ******** length     0 section .text *** removed ***
start ******** end ******** length     0 section .text *** removed ***
start ******** end ******** length     0 section .text *** removed ***
start ******** end ******** length     0 section .text *** removed ***
start ******** end ******** length     0 section .text *** removed ***
start ******** end ******** length     0 section .text *** removed ***
start ******** end ******** length     0 section .text *** removed ***
start ******** end ******** length     0 section .text *** removed ***
start ******** end ******** length     0 section .text *** removed ***
start ******** end ******** length     0 section .text *** removed ***
start ******** end ******** length     0 section .text *** removed ***
start ******** end ******** length     0 section .text *** removed ***
start ******** end ******** length     0 section .text *** removed ***
start ******** end ******** length     0 section .text *** removed ***
start ******** end ******** length     0 section .text *** removed ***
start ******** end ******** length     0 section .text *** removed ***
start ******** end ******** length     0 section .text *** removed ***
start ******** end ******** length     0 section .text *** removed ***
start ******** end ******** length     0 section .text *** removed ***
start ******** end ******** length     0 section .text *** removed ***
start ******** end ******** length     0 section .text *** removed ***
start ******** end ******** length     0 section .text *** removed ***
start ******** end ******** length     0 section .text *** removed ***
start ******** end ******** length     0 section .text *** removed ***
start ******** end ******** length     0 section .text *** removed ***
start ******** end ******** length     0 section .text *** removed ***
start ******** end ******** length     0 section .text *** removed ***
start ******** end ******** length     0 section .text *** removed ***
start ******** end ******** length     0 section .text *** removed ***
start ******** end ******** length     0 section .text *** removed ***
start ******** end ******** length     0 section .text *** removed ***
start ******** end ******** length     0 section .text *** removed ***
start ******** end ******** length     0 section .text *** removed ***
start ******** end ******** length     0 section .text *** removed ***
start ******** end ******** length     0 section .text *** removed ***
start ******** end ******** length     0 section .text *** removed ***
start ******** end ******** length     0 section .text *** removed ***
start ******** end ******** length     0 section .text *** removed ***
start ******** end ******** length     0 section .text *** removed ***
start ******** end ******** length     0 section .text *** removed ***
start ******** end ******** length     0 section .text *** removed ***
start ******** end ******** length     0 section .text *** removed ***
start ******** end ******** length     0 section .text *** removed ***
start ******** end ******** length     0 section .text *** removed ***
start ******** end ******** length     0 section .text *** removed ***
start ******** end ******** length     0 section .text *** removed ***
start ******** end ******** length     0 section .text *** removed ***
start ******** end ******** length     0 section .text *** removed ***
start ******** end ******** length     0 section .text *** removed ***
start ******** end ******** length     0 section .text *** removed ***
start ******** end ******** length     0 section .text *** removed ***
start ******** end ******** length     0 section .text *** removed ***
start ******** end ******** length     0 section .text *** removed ***
start ******** end ******** length     0 section .text *** removed ***
start ******** end ******** length     0 section .text *** removed ***
start ******** end ******** length     0 section .text *** removed ***
start ******** end ******** length     0 section .text *** removed ***
start ******** end ******** length     0 section .text *** removed ***
start ******** end ******** length     0 section .text *** removed ***
start ******** end ******** length     0 section .text *** removed ***
start ******** end ******** length     0 section .text *** removed ***
start ******** end ******** length     0 section .text *** removed ***
start ******** end ******** length     0 section .text *** removed ***
start ******** end ******** length     0 section .text *** removed ***
start ******** end ******** length     0 section .text *** removed ***
start ******** end ******** length     0 section .text *** removed ***
start ******** end ******** length     0 section .text *** removed ***
start ******** end ******** length     0 section .text *** removed ***
start ******** end ******** length     0 section .const *** removed ***

Debug\stm8s_tim2.o:
start 0000ce34 end 0000f148 length  8980 section .debug
start 000008ec end 00000982 length   150 section .info.
start ******** end ******** length     0 section .text *** removed ***
start 00008902 end 00008912 length    16 section .text
start 00008912 end 0000898d length   123 section .text
start ******** end ******** length     0 section .text *** removed ***
start ******** end ******** length     0 section .text *** removed ***
start ******** end ******** length     0 section .text *** removed ***
start ******** end ******** length     0 section .text *** removed ***
start 0000898d end 000089b2 length    37 section .text
start 000089b2 end 000089ef length    61 section .text
start ******** end ******** length     0 section .text *** removed ***
start ******** end ******** length     0 section .text *** removed ***
start ******** end ******** length     0 section .text *** removed ***
start ******** end ******** length     0 section .text *** removed ***
start ******** end ******** length     0 section .text *** removed ***
start ******** end ******** length     0 section .text *** removed ***
start ******** end ******** length     0 section .text *** removed ***
start 000089ef end 00008a14 length    37 section .text
start 00008a14 end 00008a39 length    37 section .text
start ******** end ******** length     0 section .text *** removed ***
start ******** end ******** length     0 section .text *** removed ***
start ******** end ******** length     0 section .text *** removed ***
start ******** end ******** length     0 section .text *** removed ***
start ******** end ******** length     0 section .text *** removed ***
start ******** end ******** length     0 section .text *** removed ***
start ******** end ******** length     0 section .text *** removed ***
start ******** end ******** length     0 section .text *** removed ***
start ******** end ******** length     0 section .text *** removed ***
start ******** end ******** length     0 section .text *** removed ***
start ******** end ******** length     0 section .text *** removed ***
start ******** end ******** length     0 section .text *** removed ***
start ******** end ******** length     0 section .text *** removed ***
start ******** end ******** length     0 section .text *** removed ***
start ******** end ******** length     0 section .text *** removed ***
start ******** end ******** length     0 section .text *** removed ***
start ******** end ******** length     0 section .text *** removed ***
start ******** end ******** length     0 section .text *** removed ***
start ******** end ******** length     0 section .text *** removed ***
start ******** end ******** length     0 section .text *** removed ***
start ******** end ******** length     0 section .text *** removed ***
start ******** end ******** length     0 section .text *** removed ***
start 00008a39 end 00008a62 length    41 section .text
start ******** end ******** length     0 section .text *** removed ***
start ******** end ******** length     0 section .text *** removed ***
start ******** end ******** length     0 section .text *** removed ***
start ******** end ******** length     0 section .text *** removed ***
start ******** end ******** length     0 section .text *** removed ***
start 000081d0 end 0000820e length    62 section .const

Debug\stm8s_tim4.o:
start 0000f148 end 0000fcff length  2999 section .debug
start 00000982 end 00000a18 length   150 section .info.
start ******** end ******** length     0 section .text *** removed ***
start 00008a62 end 00008aa3 length    65 section .text
start 00008aa3 end 00008ac8 length    37 section .text
start ******** end ******** length     0 section .text *** removed ***
start ******** end ******** length     0 section .text *** removed ***
start ******** end ******** length     0 section .text *** removed ***
start 00008ac8 end 00008aee length    38 section .text
start ******** end ******** length     0 section .text *** removed ***
start ******** end ******** length     0 section .text *** removed ***
start ******** end ******** length     0 section .text *** removed ***
start ******** end ******** length     0 section .text *** removed ***
start ******** end ******** length     0 section .text *** removed ***
start ******** end ******** length     0 section .text *** removed ***
start ******** end ******** length     0 section .text *** removed ***
start ******** end ******** length     0 section .text *** removed ***
start 00008aee end 00008b08 length    26 section .text
start ******** end ******** length     0 section .text *** removed ***
start ******** end ******** length     0 section .text *** removed ***
start 0000820e end 0000824c length    62 section .const

Debug\stm8s_uart1.o:
start 0000fcff end 000110eb length  5100 section .debug
start 00000a18 end 00000aaf length   151 section .info.
start ******** end ******** length     0 section .text *** removed ***
start ******** end ******** length     0 section .const *** removed ***
start ******** end ******** length     0 section .text *** removed ***
start ******** end ******** length     0 section .text *** removed ***
start ******** end ******** length     0 section .text *** removed ***
start ******** end ******** length     0 section .text *** removed ***
start ******** end ******** length     0 section .text *** removed ***
start ******** end ******** length     0 section .text *** removed ***
start ******** end ******** length     0 section .text *** removed ***
start ******** end ******** length     0 section .text *** removed ***
start ******** end ******** length     0 section .text *** removed ***
start ******** end ******** length     0 section .text *** removed ***
start ******** end ******** length     0 section .text *** removed ***
start ******** end ******** length     0 section .text *** removed ***
start ******** end ******** length     0 section .text *** removed ***
start ******** end ******** length     0 section .text *** removed ***
start ******** end ******** length     0 section .text *** removed ***
start ******** end ******** length     0 section .text *** removed ***
start ******** end ******** length     0 section .text *** removed ***
start ******** end ******** length     0 section .text *** removed ***
start ******** end ******** length     0 section .text *** removed ***
start ******** end ******** length     0 section .text *** removed ***
start ******** end ******** length     0 section .text *** removed ***
start ******** end ******** length     0 section .text *** removed ***
start ******** end ******** length     0 section .text *** removed ***
start ******** end ******** length     0 section .text *** removed ***

Debug\stm8s_wwdg.o:
start 000110eb end 00011331 length   582 section .debug
start 00000aaf end 00000b45 length   150 section .info.
start ******** end ******** length     0 section .text *** removed ***
start ******** end ******** length     0 section .text *** removed ***
start ******** end ******** length     0 section .text *** removed ***
start ******** end ******** length     0 section .text *** removed ***
start ******** end ******** length     0 section .text *** removed ***
start ******** end ******** length     0 section .const *** removed ***

(C:\Program Files\COSMIC\FSE_Compilers\CXSTM8\Lib\libm0.sm8)cmulx.o:
start ******** end ******** length     0 section .text *** removed ***
start 00000b45 end 00000b74 length    47 section .info.

(C:\Program Files\COSMIC\FSE_Compilers\CXSTM8\Lib\libm0.sm8)imul.o:
start ******** end ******** length     0 section .text *** removed ***
start 00000b74 end 00000ba2 length    46 section .info.

(C:\Program Files\COSMIC\FSE_Compilers\CXSTM8\Lib\libm0.sm8)ladd.o:
start ******** end ******** length     0 section .text *** removed ***
start 00000ba2 end 00000bd0 length    46 section .info.

(C:\Program Files\COSMIC\FSE_Compilers\CXSTM8\Lib\libm0.sm8)lcmp.o:
start ******** end ******** length     0 section .text *** removed ***
start 00000bd0 end 00000bfe length    46 section .info.

(C:\Program Files\COSMIC\FSE_Compilers\CXSTM8\Lib\libm0.sm8)lgadd.o:
start ******** end ******** length     0 section .text *** removed ***
start 00000bfe end 00000c2d length    47 section .info.

(C:\Program Files\COSMIC\FSE_Compilers\CXSTM8\Lib\libm0.sm8)llsh.o:
start ******** end ******** length     0 section .text *** removed ***
start 00000c2d end 00000c5b length    46 section .info.

(C:\Program Files\COSMIC\FSE_Compilers\CXSTM8\Lib\libm0.sm8)lmul.o:
start ******** end ******** length     0 section .text *** removed ***
start 00000c5b end 00000c89 length    46 section .info.

(C:\Program Files\COSMIC\FSE_Compilers\CXSTM8\Lib\libm0.sm8)lreg.o:
start ******** end ******** length     0 section .ubsct *** removed ***
start 00000c89 end 00000cb7 length    46 section .info.

(C:\Program Files\COSMIC\FSE_Compilers\CXSTM8\Lib\libm0.sm8)lsub.o:
start ******** end ******** length     0 section .text *** removed ***
start 00000cb7 end 00000ce5 length    46 section .info.

(C:\Program Files\COSMIC\FSE_Compilers\CXSTM8\Lib\libm0.sm8)ltor.o:
start ******** end ******** length     0 section .text *** removed ***
start 00000ce5 end 00000d13 length    46 section .info.

(C:\Program Files\COSMIC\FSE_Compilers\CXSTM8\Lib\libm0.sm8)ludiv.o:
start ******** end ******** length     0 section .text *** removed ***
start 00000d13 end 00000d42 length    47 section .info.

(C:\Program Files\COSMIC\FSE_Compilers\CXSTM8\Lib\libm0.sm8)ldiv.o:
start ******** end ******** length     0 section .text *** removed ***
start 00000d42 end 00000d70 length    46 section .info.

(C:\Program Files\COSMIC\FSE_Compilers\CXSTM8\Lib\libm0.sm8)lgneg.o:
start ******** end ******** length     0 section .text *** removed ***
start 00000d70 end 00000d9f length    47 section .info.

(C:\Program Files\COSMIC\FSE_Compilers\CXSTM8\Lib\libm0.sm8)lneg.o:
start ******** end ******** length     0 section .text *** removed ***
start 00000d9f end 00000dcd length    46 section .info.

(C:\Program Files\COSMIC\FSE_Compilers\CXSTM8\Lib\libm0.sm8)lursh.o:
start ******** end ******** length     0 section .text *** removed ***
start 00000dcd end 00000dfc length    47 section .info.

(C:\Program Files\COSMIC\FSE_Compilers\CXSTM8\Lib\libm0.sm8)rtol.o:
start ******** end ******** length     0 section .text *** removed ***
start 00000dfc end 00000e2a length    46 section .info.

(C:\Program Files\COSMIC\FSE_Compilers\CXSTM8\Lib\libm0.sm8)sdivx.o:
start ******** end ******** length     0 section .text *** removed ***
start 00000e2a end 00000e59 length    47 section .info.

(C:\Program Files\COSMIC\FSE_Compilers\CXSTM8\Lib\libm0.sm8)smul.o:
start ******** end ******** length     0 section .text *** removed ***
start 00000e59 end 00000e87 length    46 section .info.

(C:\Program Files\COSMIC\FSE_Compilers\CXSTM8\Lib\libm0.sm8)utolx.o:
start ******** end ******** length     0 section .text *** removed ***
start 00000e87 end 00000eb6 length    47 section .info.

(C:\Program Files\COSMIC\FSE_Compilers\CXSTM8\Lib\libm0.sm8)umul.o:
start ******** end ******** length     0 section .text *** removed ***
start 00000eb6 end 00000ee4 length    46 section .info.

(C:\Program Files\COSMIC\FSE_Compilers\CXSTM8\Lib\libm0.sm8)xreg.o:
start 000000b4 end 000000b7 length     3 section .ubsct
start 00000ee4 end 00000f12 length    46 section .info.

(C:\Program Files\COSMIC\FSE_Compilers\CXSTM8\Lib\libm0.sm8)yreg.o:
start 000000b7 end 000000ba length     3 section .ubsct
start 00000f12 end 00000f40 length    46 section .info.

Debug\stm8_interrupt_vector.o:
start 00011331 end 00011457 length   294 section .debug
start 00000f40 end 00000fe1 length   161 section .info.
start 00008000 end 00008080 length   128 section .const


                             -----------
                             Stack usage
                             -----------

Debug\main.o:
_Delay                                  2   (2)
_assert_failed                          6   (6)
_main                              >   20   (6)
_sleep                                  8   (2)
f_EXTI_PORTC_IRQHandler            >    7   (7)
f_EXTI_PORTD_IRQHandler            >    6   (6)
f_TIM2_CAP_COM_IRQHandler          >    6   (6)
f_TIM2_UPD_OVF_BRK_IRQHandler      >   18   (12)
f_TIM4_UPD_OVF_IRQHandler          >    6   (6)

Debug\stm8s_beep.o:
_BEEP_Cmd                               2   (2)

Debug\stm8s_clk.o:
_CLK_HSIPrescalerConfig                 9   (3)

Debug\stm8s_exti.o:
_EXTI_SetExtIntSensitivity             10   (4)

Debug\stm8s_gpio.o:
_GPIO_Init                              6   (6)

Debug\stm8s_it.o:
f_ADC1_IRQHandler                  >    6   (6)
f_AWU_IRQHandler                   >    6   (6)
f_CLK_IRQHandler                   >    6   (6)
f_EEPROM_EEC_IRQHandler            >    6   (6)
f_EXTI_PORTA_IRQHandler            >    6   (6)
f_EXTI_PORTB_IRQHandler            >    6   (6)
f_EXTI_PORTE_IRQHandler            >    6   (6)
f_I2C_IRQHandler                   >    6   (6)
f_NonHandledInterrupt              >    6   (6)
f_SPI_IRQHandler                   >    6   (6)
f_TIM1_CAP_COM_IRQHandler          >    6   (6)
f_TIM1_UPD_OVF_TRG_BRK_IRQHandler  >    6   (6)
f_TLI_IRQHandler                   >    6   (6)
f_TRAP_IRQHandler                  >    6   (6)
f_UART1_RX_IRQHandler              >    6   (6)
f_UART1_TX_IRQHandler              >    6   (6)

Debug\stm8s_itc.o:
_ITC_GetCPUCC                           2   (2)
_ITC_GetSoftIntStatus                   4   (2)
_ITC_GetSoftwarePriority           >   11   (5)
_ITC_SetSoftwarePriority               12   (6)

Debug\stm8s_tim2.o:
_TIM2_ARRPreloadConfig                  9   (3)
_TIM2_ClearFlag                        10   (4)
_TIM2_Cmd                               9   (3)
_TIM2_ITConfig                         10   (4)
_TIM2_OC1Init                          14   (8)
_TIM2_OC1PreloadConfig                  9   (3)
_TIM2_TimeBaseInit                      5   (5)

Debug\stm8s_tim4.o:
_TIM4_ClearFlag                         9   (3)
_TIM4_Cmd                               9   (3)
_TIM4_SelectOnePulseMode                9   (3)
_TIM4_TimeBaseInit                     10   (4)

Stack size: 38


                              ---------
                              Call tree
                              ---------
   1 > _ITC_GetSoftwarePriority: (5)
   2      + _assert_failed: (6)
       
   3 > __stext: (0)

   4 > _main: (6)
   5      + _BEEP_Cmd: (2)
   6      + _CLK_HSIPrescalerConfig: (3)
   7      |    + _assert_failed --> 2
          | 
   8      + _Delay: (2)
   9      + _EXTI_SetExtIntSensitivity: (4)
  10      |    + _assert_failed --> 2
          | 
  11      + _ITC_SetSoftwarePriority: (6)
  12      |    + _ITC_GetSoftIntStatus: (2)
  13      |    |    + _ITC_GetCPUCC: (2)
          |    | 
  14      |    + _assert_failed --> 2
          | 
  15      + _TIM2_ARRPreloadConfig: (3)
  16      |    + _assert_failed --> 2
          | 
  17      + _TIM2_ClearFlag: (4)
  18      |    + _assert_failed --> 2
          | 
  19      + _TIM2_Cmd: (3)
  20      |    + _assert_failed --> 2
          | 
  21      + _TIM2_ITConfig: (4)
  22      |    + _assert_failed --> 2
          | 
  23      + _TIM2_OC1Init: (8)
  24      |    + _assert_failed --> 2
          | 
  25      + _TIM2_OC1PreloadConfig: (3)
  26      |    + _assert_failed --> 2
          | 
  27      + _TIM2_TimeBaseInit: (5)
  28      + _TIM4_ClearFlag: (3)
  29      |    + _assert_failed --> 2
          | 
  30      + _TIM4_Cmd: (3)
  31      |    + _assert_failed --> 2
          | 
  32      + _TIM4_SelectOnePulseMode: (3)
  33      |    + _assert_failed --> 2
          | 
  34      + _TIM4_TimeBaseInit: (4)
  35      |    + _assert_failed --> 2
          | 
  36      + _sleep: (2)
  37      |    + _GPIO_Init: (6)
          | 
       
  38 > f_ADC1_IRQHandler: (6)

  39 > f_AWU_IRQHandler: (6)

  40 > f_CLK_IRQHandler: (6)

  41 > f_EEPROM_EEC_IRQHandler: (6)

  42 > f_EXTI_PORTA_IRQHandler: (6)

  43 > f_EXTI_PORTB_IRQHandler: (6)

  44 > f_EXTI_PORTC_IRQHandler: (7)

  45 > f_EXTI_PORTD_IRQHandler: (6)

  46 > f_EXTI_PORTE_IRQHandler: (6)

  47 > f_I2C_IRQHandler: (6)

  48 > f_NonHandledInterrupt: (6)

  49 > f_SPI_IRQHandler: (6)

  50 > f_TIM1_CAP_COM_IRQHandler: (6)

  51 > f_TIM1_UPD_OVF_TRG_BRK_IRQHandler: (6)

  52 > f_TIM2_CAP_COM_IRQHandler: (6)

  53 > f_TIM2_UPD_OVF_BRK_IRQHandler: (12)
  54      + _GPIO_Init --> 37
       
  55 > f_TIM4_UPD_OVF_IRQHandler: (6)

  56 > f_TLI_IRQHandler: (6)

  57 > f_TRAP_IRQHandler: (6)

  58 > f_UART1_RX_IRQHandler: (6)

  59 > f_UART1_TX_IRQHandler: (6)

  60   _BEEP_Cmd --> 5

  61   _CLK_HSIPrescalerConfig --> 6

  62   _Delay --> 8

  63   _EXTI_SetExtIntSensitivity --> 9

  64   _GPIO_Init --> 37

  65   _ITC_GetCPUCC --> 13

  66   _ITC_GetSoftIntStatus --> 12

  67   _ITC_SetSoftwarePriority --> 11

  68   _TIM2_ARRPreloadConfig --> 15

  69   _TIM2_ClearFlag --> 17

  70   _TIM2_Cmd --> 19

  71   _TIM2_ITConfig --> 21

  72   _TIM2_OC1Init --> 23

  73   _TIM2_OC1PreloadConfig --> 25

  74   _TIM2_TimeBaseInit --> 27

  75   _TIM4_ClearFlag --> 28

  76   _TIM4_Cmd --> 30

  77   _TIM4_SelectOnePulseMode --> 32

  78   _TIM4_TimeBaseInit --> 34

  79   _assert_failed --> 2

  80   _sleep --> 36



                               -------
                               Symbols
                               -------

_ADC1_AWDChannelConfig              ********   *** removed from Debug\stm8s_adc1.o ***
_ADC1_ClearFlag                     ********   *** removed from Debug\stm8s_adc1.o ***
_ADC1_ClearITPendingBit             ********   *** removed from Debug\stm8s_adc1.o ***
_ADC1_Cmd                           ********   *** removed from Debug\stm8s_adc1.o ***
_ADC1_ConversionConfig              ********   *** removed from Debug\stm8s_adc1.o ***
_ADC1_DataBufferCmd                 ********   *** removed from Debug\stm8s_adc1.o ***
_ADC1_DeInit                        ********   *** removed from Debug\stm8s_adc1.o ***
_ADC1_ExternalTriggerConfig         ********   *** removed from Debug\stm8s_adc1.o ***
_ADC1_GetAWDChannelStatus           ********   *** removed from Debug\stm8s_adc1.o ***
_ADC1_GetBufferValue                ********   *** removed from Debug\stm8s_adc1.o ***
_ADC1_GetConversionValue            ********   *** removed from Debug\stm8s_adc1.o ***
_ADC1_GetFlagStatus                 ********   *** removed from Debug\stm8s_adc1.o ***
_ADC1_GetITStatus                   ********   *** removed from Debug\stm8s_adc1.o ***
_ADC1_ITConfig                      ********   *** removed from Debug\stm8s_adc1.o ***
_ADC1_Init                          ********   *** removed from Debug\stm8s_adc1.o ***
_ADC1_PrescalerConfig               ********   *** removed from Debug\stm8s_adc1.o ***
_ADC1_ScanModeCmd                   ********   *** removed from Debug\stm8s_adc1.o ***
_ADC1_SchmittTriggerConfig          ********   *** removed from Debug\stm8s_adc1.o ***
_ADC1_SetHighThreshold              ********   *** removed from Debug\stm8s_adc1.o ***
_ADC1_SetLowThreshold               ********   *** removed from Debug\stm8s_adc1.o ***
_ADC1_StartConversion               ********   *** removed from Debug\stm8s_adc1.o ***
_APR_Array                          ********   *** removed from Debug\stm8s_awu.o ***
_AWU_Cmd                            ********   *** removed from Debug\stm8s_awu.o ***
_AWU_DeInit                         ********   *** removed from Debug\stm8s_awu.o ***
_AWU_GetFlagStatus                  ********   *** removed from Debug\stm8s_awu.o ***
_AWU_IdleModeEnable                 ********   *** removed from Debug\stm8s_awu.o ***
_AWU_Init                           ********   *** removed from Debug\stm8s_awu.o ***
_AWU_LSICalibrationConfig           ********   *** removed from Debug\stm8s_awu.o ***
_BEEP_Cmd                           00008668   defined in Debug\stm8s_beep.o section .text
                                               used in Debug\main.o
_BEEP_DeInit                        ********   *** removed from Debug\stm8s_beep.o ***
_BEEP_Init                          ********   *** removed from Debug\stm8s_beep.o ***
_BEEP_LSICalibrationConfig          ********   *** removed from Debug\stm8s_beep.o ***
_CLKPrescTable                      000080ac   defined in Debug\stm8s_clk.o section .const
_CLK_AdjustHSICalibrationValue      ********   *** removed from Debug\stm8s_clk.o ***
_CLK_CCOCmd                         ********   *** removed from Debug\stm8s_clk.o ***
_CLK_CCOConfig                      ********   *** removed from Debug\stm8s_clk.o ***
_CLK_ClearITPendingBit              ********   *** removed from Debug\stm8s_clk.o ***
_CLK_ClockSecuritySystemEnable      ********   *** removed from Debug\stm8s_clk.o ***
_CLK_ClockSwitchCmd                 ********   *** removed from Debug\stm8s_clk.o ***
_CLK_ClockSwitchConfig              ********   *** removed from Debug\stm8s_clk.o ***
_CLK_DeInit                         ********   *** removed from Debug\stm8s_clk.o ***
_CLK_FastHaltWakeUpCmd              ********   *** removed from Debug\stm8s_clk.o ***
_CLK_GetClockFreq                   ********   *** removed from Debug\stm8s_clk.o ***
_CLK_GetFlagStatus                  ********   *** removed from Debug\stm8s_clk.o ***
_CLK_GetITStatus                    ********   *** removed from Debug\stm8s_clk.o ***
_CLK_GetSYSCLKSource                ********   *** removed from Debug\stm8s_clk.o ***
_CLK_HSECmd                         ********   *** removed from Debug\stm8s_clk.o ***
_CLK_HSICmd                         ********   *** removed from Debug\stm8s_clk.o ***
_CLK_HSIPrescalerConfig             00008675   defined in Debug\stm8s_clk.o section .text
                                               used in Debug\main.o
_CLK_ITConfig                       ********   *** removed from Debug\stm8s_clk.o ***
_CLK_LSICmd                         ********   *** removed from Debug\stm8s_clk.o ***
_CLK_PeripheralClockConfig          ********   *** removed from Debug\stm8s_clk.o ***
_CLK_SWIMConfig                     ********   *** removed from Debug\stm8s_clk.o ***
_CLK_SYSCLKConfig                   ********   *** removed from Debug\stm8s_clk.o ***
_CLK_SYSCLKEmergencyClear           ********   *** removed from Debug\stm8s_clk.o ***
_CLK_SlowActiveHaltWakeUpCmd        ********   *** removed from Debug\stm8s_clk.o ***
_Delay                              000082ef   defined in Debug\main.o section .text
_EXTI_DeInit                        ********   *** removed from Debug\stm8s_exti.o ***
_EXTI_GetExtIntSensitivity          ********   *** removed from Debug\stm8s_exti.o ***
_EXTI_GetTLISensitivity             ********   *** removed from Debug\stm8s_exti.o ***
_EXTI_SetExtIntSensitivity          000086a5   defined in Debug\stm8s_exti.o section .text
                                               used in Debug\main.o
_EXTI_SetTLISensitivity             ********   *** removed from Debug\stm8s_exti.o ***
_FLASH_DeInit                       ********   *** removed from Debug\stm8s_flash.o ***
_FLASH_EraseBlock                   ********   *** removed from Debug\stm8s_flash.o ***
_FLASH_EraseByte                    ********   *** removed from Debug\stm8s_flash.o ***
_FLASH_EraseOptionByte              ********   *** removed from Debug\stm8s_flash.o ***
_FLASH_GetBootSize                  ********   *** removed from Debug\stm8s_flash.o ***
_FLASH_GetFlagStatus                ********   *** removed from Debug\stm8s_flash.o ***
_FLASH_GetLowPowerMode              ********   *** removed from Debug\stm8s_flash.o ***
_FLASH_GetProgrammingTime           ********   *** removed from Debug\stm8s_flash.o ***
_FLASH_ITConfig                     ********   *** removed from Debug\stm8s_flash.o ***
_FLASH_Lock                         ********   *** removed from Debug\stm8s_flash.o ***
_FLASH_ProgramBlock                 ********   *** removed from Debug\stm8s_flash.o ***
_FLASH_ProgramByte                  ********   *** removed from Debug\stm8s_flash.o ***
_FLASH_ProgramOptionByte            ********   *** removed from Debug\stm8s_flash.o ***
_FLASH_ProgramWord                  ********   *** removed from Debug\stm8s_flash.o ***
_FLASH_ReadByte                     ********   *** removed from Debug\stm8s_flash.o ***
_FLASH_ReadOptionByte               ********   *** removed from Debug\stm8s_flash.o ***
_FLASH_SetLowPowerMode              ********   *** removed from Debug\stm8s_flash.o ***
_FLASH_SetProgrammingTime           ********   *** removed from Debug\stm8s_flash.o ***
_FLASH_Unlock                       ********   *** removed from Debug\stm8s_flash.o ***
_FLASH_WaitForLastOperation         ********   *** removed from Debug\stm8s_flash.o ***
_GPIO_DeInit                        ********   *** removed from Debug\stm8s_gpio.o ***
_GPIO_ExternalPullUpConfig          ********   *** removed from Debug\stm8s_gpio.o ***
_GPIO_Init                          0000874a   defined in Debug\stm8s_gpio.o section .text
                                               used in Debug\main.o
_GPIO_ReadInputData                 ********   *** removed from Debug\stm8s_gpio.o ***
_GPIO_ReadInputPin                  ********   *** removed from Debug\stm8s_gpio.o ***
_GPIO_ReadOutputData                ********   *** removed from Debug\stm8s_gpio.o ***
_GPIO_Write                         ********   *** removed from Debug\stm8s_gpio.o ***
_GPIO_WriteHigh                     ********   *** removed from Debug\stm8s_gpio.o ***
_GPIO_WriteLow                      ********   *** removed from Debug\stm8s_gpio.o ***
_GPIO_WriteReverse                  ********   *** removed from Debug\stm8s_gpio.o ***
_HSIDivFactor                       000080a8   defined in Debug\stm8s_clk.o section .const
_I2C_AcknowledgeConfig              ********   *** removed from Debug\stm8s_i2c.o ***
_I2C_CheckEvent                     ********   *** removed from Debug\stm8s_i2c.o ***
_I2C_ClearFlag                      ********   *** removed from Debug\stm8s_i2c.o ***
_I2C_ClearITPendingBit              ********   *** removed from Debug\stm8s_i2c.o ***
_I2C_Cmd                            ********   *** removed from Debug\stm8s_i2c.o ***
_I2C_DeInit                         ********   *** removed from Debug\stm8s_i2c.o ***
_I2C_FastModeDutyCycleConfig        ********   *** removed from Debug\stm8s_i2c.o ***
_I2C_GeneralCallCmd                 ********   *** removed from Debug\stm8s_i2c.o ***
_I2C_GenerateSTART                  ********   *** removed from Debug\stm8s_i2c.o ***
_I2C_GenerateSTOP                   ********   *** removed from Debug\stm8s_i2c.o ***
_I2C_GetFlagStatus                  ********   *** removed from Debug\stm8s_i2c.o ***
_I2C_GetITStatus                    ********   *** removed from Debug\stm8s_i2c.o ***
_I2C_GetLastEvent                   ********   *** removed from Debug\stm8s_i2c.o ***
_I2C_ITConfig                       ********   *** removed from Debug\stm8s_i2c.o ***
_I2C_Init                           ********   *** removed from Debug\stm8s_i2c.o ***
_I2C_ReceiveData                    ********   *** removed from Debug\stm8s_i2c.o ***
_I2C_Send7bitAddress                ********   *** removed from Debug\stm8s_i2c.o ***
_I2C_SendData                       ********   *** removed from Debug\stm8s_i2c.o ***
_I2C_SoftwareResetCmd               ********   *** removed from Debug\stm8s_i2c.o ***
_I2C_StretchClockCmd                ********   *** removed from Debug\stm8s_i2c.o ***
_ITC_DeInit                         ********   *** removed from Debug\stm8s_itc.o ***
_ITC_GetCPUCC                       0000879b   defined in Debug\stm8s_itc.o section .text
_ITC_GetSoftIntStatus               0000879e   defined in Debug\stm8s_itc.o section .text
_ITC_GetSoftwarePriority            000087a4   defined in Debug\stm8s_itc.o section .text
_ITC_SetSoftwarePriority            00008811   defined in Debug\stm8s_itc.o section .text
                                               used in Debug\main.o
_IWDG_Enable                        ********   *** removed from Debug\stm8s_iwdg.o ***
_IWDG_ReloadCounter                 ********   *** removed from Debug\stm8s_iwdg.o ***
_IWDG_SetPrescaler                  ********   *** removed from Debug\stm8s_iwdg.o ***
_IWDG_SetReload                     ********   *** removed from Debug\stm8s_iwdg.o ***
_IWDG_WriteAccessCmd                ********   *** removed from Debug\stm8s_iwdg.o ***
_LSIMeasurment                      ********   *** removed from Debug\main.o ***
_RST_ClearFlag                      ********   *** removed from Debug\stm8s_rst.o ***
_RST_GetFlagStatus                  ********   *** removed from Debug\stm8s_rst.o ***
_SPI_BiDirectionalLineConfig        ********   *** removed from Debug\stm8s_spi.o ***
_SPI_CalculateCRCCmd                ********   *** removed from Debug\stm8s_spi.o ***
_SPI_ClearFlag                      ********   *** removed from Debug\stm8s_spi.o ***
_SPI_ClearITPendingBit              ********   *** removed from Debug\stm8s_spi.o ***
_SPI_Cmd                            ********   *** removed from Debug\stm8s_spi.o ***
_SPI_DeInit                         ********   *** removed from Debug\stm8s_spi.o ***
_SPI_GetCRC                         ********   *** removed from Debug\stm8s_spi.o ***
_SPI_GetCRCPolynomial               ********   *** removed from Debug\stm8s_spi.o ***
_SPI_GetFlagStatus                  ********   *** removed from Debug\stm8s_spi.o ***
_SPI_GetITStatus                    ********   *** removed from Debug\stm8s_spi.o ***
_SPI_ITConfig                       ********   *** removed from Debug\stm8s_spi.o ***
_SPI_Init                           ********   *** removed from Debug\stm8s_spi.o ***
_SPI_NSSInternalSoftwareCmd         ********   *** removed from Debug\stm8s_spi.o ***
_SPI_ReceiveData                    ********   *** removed from Debug\stm8s_spi.o ***
_SPI_ResetCRC                       ********   *** removed from Debug\stm8s_spi.o ***
_SPI_SendData                       ********   *** removed from Debug\stm8s_spi.o ***
_SPI_TransmitCRC                    ********   *** removed from Debug\stm8s_spi.o ***
_TBR_Array                          ********   *** removed from Debug\stm8s_awu.o ***
_TIM1_ARRPreloadConfig              ********   *** removed from Debug\stm8s_tim1.o ***
_TIM1_BDTRConfig                    ********   *** removed from Debug\stm8s_tim1.o ***
_TIM1_CCPreloadControl              ********   *** removed from Debug\stm8s_tim1.o ***
_TIM1_CCxCmd                        ********   *** removed from Debug\stm8s_tim1.o ***
_TIM1_CCxNCmd                       ********   *** removed from Debug\stm8s_tim1.o ***
_TIM1_ClearFlag                     ********   *** removed from Debug\stm8s_tim1.o ***
_TIM1_ClearITPendingBit             ********   *** removed from Debug\stm8s_tim1.o ***
_TIM1_Cmd                           ********   *** removed from Debug\stm8s_tim1.o ***
_TIM1_CounterModeConfig             ********   *** removed from Debug\stm8s_tim1.o ***
_TIM1_CtrlPWMOutputs                ********   *** removed from Debug\stm8s_tim1.o ***
_TIM1_DeInit                        ********   *** removed from Debug\stm8s_tim1.o ***
_TIM1_ETRClockMode1Config           ********   *** removed from Debug\stm8s_tim1.o ***
_TIM1_ETRClockMode2Config           ********   *** removed from Debug\stm8s_tim1.o ***
_TIM1_ETRConfig                     ********   *** removed from Debug\stm8s_tim1.o ***
_TIM1_EncoderInterfaceConfig        ********   *** removed from Debug\stm8s_tim1.o ***
_TIM1_ForcedOC1Config               ********   *** removed from Debug\stm8s_tim1.o ***
_TIM1_ForcedOC2Config               ********   *** removed from Debug\stm8s_tim1.o ***
_TIM1_ForcedOC3Config               ********   *** removed from Debug\stm8s_tim1.o ***
_TIM1_ForcedOC4Config               ********   *** removed from Debug\stm8s_tim1.o ***
_TIM1_GenerateEvent                 ********   *** removed from Debug\stm8s_tim1.o ***
_TIM1_GetCapture1                   ********   *** removed from Debug\stm8s_tim1.o ***
_TIM1_GetCapture2                   ********   *** removed from Debug\stm8s_tim1.o ***
_TIM1_GetCapture3                   ********   *** removed from Debug\stm8s_tim1.o ***
_TIM1_GetCapture4                   ********   *** removed from Debug\stm8s_tim1.o ***
_TIM1_GetCounter                    ********   *** removed from Debug\stm8s_tim1.o ***
_TIM1_GetFlagStatus                 ********   *** removed from Debug\stm8s_tim1.o ***
_TIM1_GetITStatus                   ********   *** removed from Debug\stm8s_tim1.o ***
_TIM1_GetPrescaler                  ********   *** removed from Debug\stm8s_tim1.o ***
_TIM1_ICInit                        ********   *** removed from Debug\stm8s_tim1.o ***
_TIM1_ITConfig                      ********   *** removed from Debug\stm8s_tim1.o ***
_TIM1_InternalClockConfig           ********   *** removed from Debug\stm8s_tim1.o ***
_TIM1_OC1FastConfig                 ********   *** removed from Debug\stm8s_tim1.o ***
_TIM1_OC1Init                       ********   *** removed from Debug\stm8s_tim1.o ***
_TIM1_OC1NPolarityConfig            ********   *** removed from Debug\stm8s_tim1.o ***
_TIM1_OC1PolarityConfig             ********   *** removed from Debug\stm8s_tim1.o ***
_TIM1_OC1PreloadConfig              ********   *** removed from Debug\stm8s_tim1.o ***
_TIM1_OC2FastConfig                 ********   *** removed from Debug\stm8s_tim1.o ***
_TIM1_OC2Init                       ********   *** removed from Debug\stm8s_tim1.o ***
_TIM1_OC2NPolarityConfig            ********   *** removed from Debug\stm8s_tim1.o ***
_TIM1_OC2PolarityConfig             ********   *** removed from Debug\stm8s_tim1.o ***
_TIM1_OC2PreloadConfig              ********   *** removed from Debug\stm8s_tim1.o ***
_TIM1_OC3FastConfig                 ********   *** removed from Debug\stm8s_tim1.o ***
_TIM1_OC3Init                       ********   *** removed from Debug\stm8s_tim1.o ***
_TIM1_OC3NPolarityConfig            ********   *** removed from Debug\stm8s_tim1.o ***
_TIM1_OC3PolarityConfig             ********   *** removed from Debug\stm8s_tim1.o ***
_TIM1_OC3PreloadConfig              ********   *** removed from Debug\stm8s_tim1.o ***
_TIM1_OC4FastConfig                 ********   *** removed from Debug\stm8s_tim1.o ***
_TIM1_OC4Init                       ********   *** removed from Debug\stm8s_tim1.o ***
_TIM1_OC4PolarityConfig             ********   *** removed from Debug\stm8s_tim1.o ***
_TIM1_OC4PreloadConfig              ********   *** removed from Debug\stm8s_tim1.o ***
_TIM1_PWMIConfig                    ********   *** removed from Debug\stm8s_tim1.o ***
_TIM1_PrescalerConfig               ********   *** removed from Debug\stm8s_tim1.o ***
_TIM1_SelectCOM                     ********   *** removed from Debug\stm8s_tim1.o ***
_TIM1_SelectHallSensor              ********   *** removed from Debug\stm8s_tim1.o ***
_TIM1_SelectInputTrigger            ********   *** removed from Debug\stm8s_tim1.o ***
_TIM1_SelectMasterSlaveMode         ********   *** removed from Debug\stm8s_tim1.o ***
_TIM1_SelectOCxM                    ********   *** removed from Debug\stm8s_tim1.o ***
_TIM1_SelectOnePulseMode            ********   *** removed from Debug\stm8s_tim1.o ***
_TIM1_SelectOutputTrigger           ********   *** removed from Debug\stm8s_tim1.o ***
_TIM1_SelectSlaveMode               ********   *** removed from Debug\stm8s_tim1.o ***
_TIM1_SetAutoreload                 ********   *** removed from Debug\stm8s_tim1.o ***
_TIM1_SetCompare1                   ********   *** removed from Debug\stm8s_tim1.o ***
_TIM1_SetCompare2                   ********   *** removed from Debug\stm8s_tim1.o ***
_TIM1_SetCompare3                   ********   *** removed from Debug\stm8s_tim1.o ***
_TIM1_SetCompare4                   ********   *** removed from Debug\stm8s_tim1.o ***
_TIM1_SetCounter                    ********   *** removed from Debug\stm8s_tim1.o ***
_TIM1_SetIC1Prescaler               ********   *** removed from Debug\stm8s_tim1.o ***
_TIM1_SetIC2Prescaler               ********   *** removed from Debug\stm8s_tim1.o ***
_TIM1_SetIC3Prescaler               ********   *** removed from Debug\stm8s_tim1.o ***
_TIM1_SetIC4Prescaler               ********   *** removed from Debug\stm8s_tim1.o ***
_TIM1_TIxExternalClockConfig        ********   *** removed from Debug\stm8s_tim1.o ***
_TIM1_TimeBaseInit                  ********   *** removed from Debug\stm8s_tim1.o ***
_TIM1_UpdateDisableConfig           ********   *** removed from Debug\stm8s_tim1.o ***
_TIM1_UpdateRequestConfig           ********   *** removed from Debug\stm8s_tim1.o ***
_TIM2_ARRPreloadConfig              000089ef   defined in Debug\stm8s_tim2.o section .text
                                               used in Debug\main.o
_TIM2_CCxCmd                        ********   *** removed from Debug\stm8s_tim2.o ***
_TIM2_ClearFlag                     00008a39   defined in Debug\stm8s_tim2.o section .text
                                               used in Debug\main.o
_TIM2_ClearITPendingBit             ********   *** removed from Debug\stm8s_tim2.o ***
_TIM2_Cmd                           0000898d   defined in Debug\stm8s_tim2.o section .text
                                               used in Debug\main.o
_TIM2_DeInit                        ********   *** removed from Debug\stm8s_tim2.o ***
_TIM2_ForcedOC1Config               ********   *** removed from Debug\stm8s_tim2.o ***
_TIM2_ForcedOC2Config               ********   *** removed from Debug\stm8s_tim2.o ***
_TIM2_ForcedOC3Config               ********   *** removed from Debug\stm8s_tim2.o ***
_TIM2_GenerateEvent                 ********   *** removed from Debug\stm8s_tim2.o ***
_TIM2_GetCapture1                   ********   *** removed from Debug\stm8s_tim2.o ***
_TIM2_GetCapture2                   ********   *** removed from Debug\stm8s_tim2.o ***
_TIM2_GetCapture3                   ********   *** removed from Debug\stm8s_tim2.o ***
_TIM2_GetCounter                    ********   *** removed from Debug\stm8s_tim2.o ***
_TIM2_GetFlagStatus                 ********   *** removed from Debug\stm8s_tim2.o ***
_TIM2_GetITStatus                   ********   *** removed from Debug\stm8s_tim2.o ***
_TIM2_GetPrescaler                  ********   *** removed from Debug\stm8s_tim2.o ***
_TIM2_ICInit                        ********   *** removed from Debug\stm8s_tim2.o ***
_TIM2_ITConfig                      000089b2   defined in Debug\stm8s_tim2.o section .text
                                               used in Debug\main.o
_TIM2_OC1Init                       00008912   defined in Debug\stm8s_tim2.o section .text
                                               used in Debug\main.o
_TIM2_OC1PolarityConfig             ********   *** removed from Debug\stm8s_tim2.o ***
_TIM2_OC1PreloadConfig              00008a14   defined in Debug\stm8s_tim2.o section .text
                                               used in Debug\main.o
_TIM2_OC2Init                       ********   *** removed from Debug\stm8s_tim2.o ***
_TIM2_OC2PolarityConfig             ********   *** removed from Debug\stm8s_tim2.o ***
_TIM2_OC2PreloadConfig              ********   *** removed from Debug\stm8s_tim2.o ***
_TIM2_OC3Init                       ********   *** removed from Debug\stm8s_tim2.o ***
_TIM2_OC3PolarityConfig             ********   *** removed from Debug\stm8s_tim2.o ***
_TIM2_OC3PreloadConfig              ********   *** removed from Debug\stm8s_tim2.o ***
_TIM2_PWMIConfig                    ********   *** removed from Debug\stm8s_tim2.o ***
_TIM2_PrescalerConfig               ********   *** removed from Debug\stm8s_tim2.o ***
_TIM2_SelectOCxM                    ********   *** removed from Debug\stm8s_tim2.o ***
_TIM2_SelectOnePulseMode            ********   *** removed from Debug\stm8s_tim2.o ***
_TIM2_SetAutoreload                 ********   *** removed from Debug\stm8s_tim2.o ***
_TIM2_SetCompare1                   ********   *** removed from Debug\stm8s_tim2.o ***
_TIM2_SetCompare2                   ********   *** removed from Debug\stm8s_tim2.o ***
_TIM2_SetCompare3                   ********   *** removed from Debug\stm8s_tim2.o ***
_TIM2_SetCounter                    ********   *** removed from Debug\stm8s_tim2.o ***
_TIM2_SetIC1Prescaler               ********   *** removed from Debug\stm8s_tim2.o ***
_TIM2_SetIC2Prescaler               ********   *** removed from Debug\stm8s_tim2.o ***
_TIM2_SetIC3Prescaler               ********   *** removed from Debug\stm8s_tim2.o ***
_TIM2_TimeBaseInit                  00008902   defined in Debug\stm8s_tim2.o section .text
                                               used in Debug\main.o
_TIM2_UpdateDisableConfig           ********   *** removed from Debug\stm8s_tim2.o ***
_TIM2_UpdateRequestConfig           ********   *** removed from Debug\stm8s_tim2.o ***
_TIM4_ARRPreloadConfig              ********   *** removed from Debug\stm8s_tim4.o ***
_TIM4_ClearFlag                     00008aee   defined in Debug\stm8s_tim4.o section .text
                                               used in Debug\main.o
_TIM4_ClearITPendingBit             ********   *** removed from Debug\stm8s_tim4.o ***
_TIM4_Cmd                           00008aa3   defined in Debug\stm8s_tim4.o section .text
                                               used in Debug\main.o
_TIM4_DeInit                        ********   *** removed from Debug\stm8s_tim4.o ***
_TIM4_GenerateEvent                 ********   *** removed from Debug\stm8s_tim4.o ***
_TIM4_GetCounter                    ********   *** removed from Debug\stm8s_tim4.o ***
_TIM4_GetFlagStatus                 ********   *** removed from Debug\stm8s_tim4.o ***
_TIM4_GetITStatus                   ********   *** removed from Debug\stm8s_tim4.o ***
_TIM4_GetPrescaler                  ********   *** removed from Debug\stm8s_tim4.o ***
_TIM4_ITConfig                      ********   *** removed from Debug\stm8s_tim4.o ***
_TIM4_PrescalerConfig               ********   *** removed from Debug\stm8s_tim4.o ***
_TIM4_SelectOnePulseMode            00008ac8   defined in Debug\stm8s_tim4.o section .text
                                               used in Debug\main.o
_TIM4_SetAutoreload                 ********   *** removed from Debug\stm8s_tim4.o ***
_TIM4_SetCounter                    ********   *** removed from Debug\stm8s_tim4.o ***
_TIM4_TimeBaseInit                  00008a62   defined in Debug\stm8s_tim4.o section .text
                                               used in Debug\main.o
_TIM4_UpdateDisableConfig           ********   *** removed from Debug\stm8s_tim4.o ***
_TIM4_UpdateRequestConfig           ********   *** removed from Debug\stm8s_tim4.o ***
_UART1_ClearFlag                    ********   *** removed from Debug\stm8s_uart1.o ***
_UART1_ClearITPendingBit            ********   *** removed from Debug\stm8s_uart1.o ***
_UART1_Cmd                          ********   *** removed from Debug\stm8s_uart1.o ***
_UART1_DeInit                       ********   *** removed from Debug\stm8s_uart1.o ***
_UART1_GetFlagStatus                ********   *** removed from Debug\stm8s_uart1.o ***
_UART1_GetITStatus                  ********   *** removed from Debug\stm8s_uart1.o ***
_UART1_HalfDuplexCmd                ********   *** removed from Debug\stm8s_uart1.o ***
_UART1_ITConfig                     ********   *** removed from Debug\stm8s_uart1.o ***
_UART1_Init                         ********   *** removed from Debug\stm8s_uart1.o ***
_UART1_IrDACmd                      ********   *** removed from Debug\stm8s_uart1.o ***
_UART1_IrDAConfig                   ********   *** removed from Debug\stm8s_uart1.o ***
_UART1_LINBreakDetectionConfig      ********   *** removed from Debug\stm8s_uart1.o ***
_UART1_LINCmd                       ********   *** removed from Debug\stm8s_uart1.o ***
_UART1_ReceiveData8                 ********   *** removed from Debug\stm8s_uart1.o ***
_UART1_ReceiveData9                 ********   *** removed from Debug\stm8s_uart1.o ***
_UART1_ReceiverWakeUpCmd            ********   *** removed from Debug\stm8s_uart1.o ***
_UART1_SendBreak                    ********   *** removed from Debug\stm8s_uart1.o ***
_UART1_SendData8                    ********   *** removed from Debug\stm8s_uart1.o ***
_UART1_SendData9                    ********   *** removed from Debug\stm8s_uart1.o ***
_UART1_SetAddress                   ********   *** removed from Debug\stm8s_uart1.o ***
_UART1_SetGuardTime                 ********   *** removed from Debug\stm8s_uart1.o ***
_UART1_SetPrescaler                 ********   *** removed from Debug\stm8s_uart1.o ***
_UART1_SmartCardCmd                 ********   *** removed from Debug\stm8s_uart1.o ***
_UART1_SmartCardNACKCmd             ********   *** removed from Debug\stm8s_uart1.o ***
_UART1_WakeUpConfig                 ********   *** removed from Debug\stm8s_uart1.o ***
_WWDG_GetCounter                    ********   *** removed from Debug\stm8s_wwdg.o ***
_WWDG_Init                          ********   *** removed from Debug\stm8s_wwdg.o ***
_WWDG_SWReset                       ********   *** removed from Debug\stm8s_wwdg.o ***
_WWDG_SetCounter                    ********   *** removed from Debug\stm8s_wwdg.o ***
_WWDG_SetWindowValue                ********   *** removed from Debug\stm8s_wwdg.o ***
__endmem                            000001ff   defined in command file
                                               *** not used ***
__endzp                             000000ba   defined in command file section .ubsct
                                               used in C:\Program Files\COSMIC\FSE_Compilers\CXSTM8\Lib\crtsi0.sm8
__idesc__                           0000824c   defined in linker section .init
                                               used in C:\Program Files\COSMIC\FSE_Compilers\CXSTM8\Lib\crtsi0.sm8
__memory                            00000100   defined in command file section .bss
                                               used in C:\Program Files\COSMIC\FSE_Compilers\CXSTM8\Lib\crtsi0.sm8
__stack                             000003ff   defined in command file
                                               used in C:\Program Files\COSMIC\FSE_Compilers\CXSTM8\Lib\crtsi0.sm8
__startmem                          00000100   defined in command file section .bss
                                               *** not used ***
__stext                             0000826a   defined in C:\Program Files\COSMIC\FSE_Compilers\CXSTM8\Lib\crtsi0.sm8 section .text
                                               used in Debug\stm8_interrupt_vector.o
__vectab                            00008000   defined in Debug\stm8_interrupt_vector.o section .const
_assert_failed                      000082ed   defined in Debug\main.o section .text
                                               used in Debug\stm8s_adc1.o
                                                       Debug\stm8s_awu.o
                                                       Debug\stm8s_beep.o
                                                       Debug\stm8s_clk.o
                                                       Debug\stm8s_exti.o
                                                       Debug\stm8s_flash.o
                                                       Debug\stm8s_gpio.o
                                                       Debug\stm8s_i2c.o
                                                       Debug\stm8s_itc.o
                                                       Debug\stm8s_iwdg.o
                                                       Debug\stm8s_rst.o
                                                       Debug\stm8s_spi.o
                                                       Debug\stm8s_tim1.o
                                                       Debug\stm8s_tim2.o
                                                       Debug\stm8s_tim4.o
                                                       Debug\stm8s_uart1.o
                                                       Debug\stm8s_wwdg.o
_buffind                            00000018   defined in Debug\main.o section .ubsct
_command                            00000016   defined in Debug\main.o section .ubsct
_dataok                             0000000c   defined in Debug\main.o section .bsct, initialized
_exit                               000082b8   defined in C:\Program Files\COSMIC\FSE_Compilers\CXSTM8\Lib\crtsi0.sm8 section .text
_ind                                00000038   defined in Debug\main.o section .ubsct
_indicator                          0000000d   defined in Debug\main.o section .bsct, initialized
_main                               000082f6   defined in Debug\main.o section .text
                                               used in C:\Program Files\COSMIC\FSE_Compilers\CXSTM8\Lib\crtsi0.sm8
_mhalt                              ********   *** removed from Debug\main.o ***
_ms                                 00000015   defined in Debug\main.o section .bsct, initialized
_numbuffind                         00000012   defined in Debug\main.o section .bsct, initialized
_numind                             00000017   defined in Debug\main.o section .ubsct
_sendindicator                      ********   *** removed from Debug\main.o ***
_sleep                              000082ba   defined in Debug\main.o section .text
_sleeptime                          00000009   defined in Debug\main.o section .bsct, initialized
_stoptim                            00000011   defined in Debug\main.o section .bsct, initialized
_testind                            00000005   defined in Debug\main.o section .bsct, initialized
_testtime                           00000082   defined in Debug\main.o section .ubsct
_testzn                             00000050   defined in Debug\main.o section .ubsct
_time2                              00000000   defined in Debug\main.o section .bsct, initialized
_time3                              00000001   defined in Debug\main.o section .bsct, initialized
_time4                              00000002   defined in Debug\main.o section .bsct, initialized
_time5                              00000003   defined in Debug\main.o section .bsct, initialized
_time6                              00000004   defined in Debug\main.o section .bsct, initialized
_timedelay                          00000013   defined in Debug\main.o section .bsct, initialized
_timesec                            00000007   defined in Debug\main.o section .bsct, initialized
_waiterror                          0000000b   defined in Debug\main.o section .bsct, initialized
_waitreset                          0000000a   defined in Debug\main.o section .bsct, initialized
_yar                                00000006   defined in Debug\main.o section .bsct, initialized
c_cmulx                             ********   *** removed from (C:\Program Files\COSMIC\FSE_Compilers\CXSTM8\Lib\libm0.sm8)cmulx.o ***
c_divsl                             ********   *** removed from (C:\Program Files\COSMIC\FSE_Compilers\CXSTM8\Lib\libm0.sm8)ldiv.o ***
c_divul                             ********   *** removed from (C:\Program Files\COSMIC\FSE_Compilers\CXSTM8\Lib\libm0.sm8)ldiv.o ***
c_imul                              ********   *** removed from (C:\Program Files\COSMIC\FSE_Compilers\CXSTM8\Lib\libm0.sm8)imul.o ***
c_ladd                              ********   *** removed from (C:\Program Files\COSMIC\FSE_Compilers\CXSTM8\Lib\libm0.sm8)ladd.o ***
c_lcmp                              ********   *** removed from (C:\Program Files\COSMIC\FSE_Compilers\CXSTM8\Lib\libm0.sm8)lcmp.o ***
c_lgadd                             ********   *** removed from (C:\Program Files\COSMIC\FSE_Compilers\CXSTM8\Lib\libm0.sm8)lgadd.o ***
c_lgneg                             ********   *** removed from (C:\Program Files\COSMIC\FSE_Compilers\CXSTM8\Lib\libm0.sm8)lgneg.o ***
c_llsh                              ********   *** removed from (C:\Program Files\COSMIC\FSE_Compilers\CXSTM8\Lib\libm0.sm8)llsh.o ***
c_lmul                              ********   *** removed from (C:\Program Files\COSMIC\FSE_Compilers\CXSTM8\Lib\libm0.sm8)lmul.o ***
c_lmulc                             ********   *** removed from (C:\Program Files\COSMIC\FSE_Compilers\CXSTM8\Lib\libm0.sm8)lmul.o ***
c_lneg                              ********   *** removed from (C:\Program Files\COSMIC\FSE_Compilers\CXSTM8\Lib\libm0.sm8)lneg.o ***
c_lreg                              ********   *** removed from (C:\Program Files\COSMIC\FSE_Compilers\CXSTM8\Lib\libm0.sm8)lreg.o ***
c_lsub                              ********   *** removed from (C:\Program Files\COSMIC\FSE_Compilers\CXSTM8\Lib\libm0.sm8)lsub.o ***
c_ltor                              ********   *** removed from (C:\Program Files\COSMIC\FSE_Compilers\CXSTM8\Lib\libm0.sm8)ltor.o ***
c_ludv                              ********   *** removed from (C:\Program Files\COSMIC\FSE_Compilers\CXSTM8\Lib\libm0.sm8)ludiv.o ***
c_lursh                             ********   *** removed from (C:\Program Files\COSMIC\FSE_Compilers\CXSTM8\Lib\libm0.sm8)lursh.o ***
c_rtol                              ********   *** removed from (C:\Program Files\COSMIC\FSE_Compilers\CXSTM8\Lib\libm0.sm8)rtol.o ***
c_sdivx                             ********   *** removed from (C:\Program Files\COSMIC\FSE_Compilers\CXSTM8\Lib\libm0.sm8)sdivx.o ***
c_smodx                             ********   *** removed from (C:\Program Files\COSMIC\FSE_Compilers\CXSTM8\Lib\libm0.sm8)sdivx.o ***
c_smul                              ********   *** removed from (C:\Program Files\COSMIC\FSE_Compilers\CXSTM8\Lib\libm0.sm8)smul.o ***
c_uitolx                            ********   *** removed from (C:\Program Files\COSMIC\FSE_Compilers\CXSTM8\Lib\libm0.sm8)utolx.o ***
c_umul                              ********   *** removed from (C:\Program Files\COSMIC\FSE_Compilers\CXSTM8\Lib\libm0.sm8)umul.o ***
c_x                                 000000b4   defined in (C:\Program Files\COSMIC\FSE_Compilers\CXSTM8\Lib\libm0.sm8)xreg.o section .ubsct
                                               used in C:\Program Files\COSMIC\FSE_Compilers\CXSTM8\Lib\crtsi0.sm8
                                                       Debug\main.o
                                                       Debug\stm8s_awu.o
                                                       Debug\stm8s_beep.o
                                                       (C:\Program Files\COSMIC\FSE_Compilers\CXSTM8\Lib\libm0.sm8)imul.o
                                                       (C:\Program Files\COSMIC\FSE_Compilers\CXSTM8\Lib\libm0.sm8)lmul.o
                                                       (C:\Program Files\COSMIC\FSE_Compilers\CXSTM8\Lib\libm0.sm8)ldiv.o
                                                       (C:\Program Files\COSMIC\FSE_Compilers\CXSTM8\Lib\libm0.sm8)sdivx.o
                                                       (C:\Program Files\COSMIC\FSE_Compilers\CXSTM8\Lib\libm0.sm8)umul.o
c_y                                 000000b7   defined in (C:\Program Files\COSMIC\FSE_Compilers\CXSTM8\Lib\libm0.sm8)yreg.o section .ubsct
                                               used in C:\Program Files\COSMIC\FSE_Compilers\CXSTM8\Lib\crtsi0.sm8
                                                       Debug\main.o
                                                       (C:\Program Files\COSMIC\FSE_Compilers\CXSTM8\Lib\libm0.sm8)umul.o
f_ADC1_IRQHandler                   00008666   defined in Debug\stm8s_it.o section .text
                                               used in Debug\stm8_interrupt_vector.o
f_AWU_IRQHandler                    0000865b   defined in Debug\stm8s_it.o section .text
                                               used in Debug\stm8_interrupt_vector.o
f_CLK_IRQHandler                    0000865c   defined in Debug\stm8s_it.o section .text
                                               used in Debug\stm8_interrupt_vector.o
f_EEPROM_EEC_IRQHandler             00008667   defined in Debug\stm8s_it.o section .text
                                               used in Debug\stm8_interrupt_vector.o
f_EXTI_PORTA_IRQHandler             0000865d   defined in Debug\stm8s_it.o section .text
                                               used in Debug\stm8_interrupt_vector.o
f_EXTI_PORTB_IRQHandler             0000865e   defined in Debug\stm8s_it.o section .text
                                               used in Debug\stm8_interrupt_vector.o
f_EXTI_PORTC_IRQHandler             000085d7   defined in Debug\main.o section .text
                                               used in Debug\stm8_interrupt_vector.o
f_EXTI_PORTD_IRQHandler             000085d6   defined in Debug\main.o section .text
                                               used in Debug\stm8_interrupt_vector.o
f_EXTI_PORTE_IRQHandler             0000865f   defined in Debug\stm8s_it.o section .text
                                               used in Debug\stm8_interrupt_vector.o
f_I2C_IRQHandler                    00008665   defined in Debug\stm8s_it.o section .text
                                               used in Debug\stm8_interrupt_vector.o
f_NonHandledInterrupt               00008658   defined in Debug\stm8s_it.o section .text
                                               used in Debug\stm8_interrupt_vector.o
f_SPI_IRQHandler                    00008660   defined in Debug\stm8s_it.o section .text
                                               used in Debug\stm8_interrupt_vector.o
f_TIM1_CAP_COM_IRQHandler           00008662   defined in Debug\stm8s_it.o section .text
                                               used in Debug\stm8_interrupt_vector.o
f_TIM1_UPD_OVF_TRG_BRK_IRQHandler   00008661   defined in Debug\stm8s_it.o section .text
                                               used in Debug\stm8_interrupt_vector.o
f_TIM2_CAP_COM_IRQHandler           00008633   defined in Debug\main.o section .text
                                               used in Debug\stm8_interrupt_vector.o
f_TIM2_UPD_OVF_BRK_IRQHandler       00008495   defined in Debug\main.o section .text
                                               used in Debug\stm8_interrupt_vector.o
f_TIM4_UPD_OVF_IRQHandler           0000862e   defined in Debug\main.o section .text
                                               used in Debug\stm8_interrupt_vector.o
f_TLI_IRQHandler                    0000865a   defined in Debug\stm8s_it.o section .text
                                               used in Debug\stm8_interrupt_vector.o
f_TRAP_IRQHandler                   00008659   defined in Debug\stm8s_it.o section .text
                                               used in Debug\stm8_interrupt_vector.o
f_UART1_RX_IRQHandler               00008664   defined in Debug\stm8s_it.o section .text
                                               used in Debug\stm8_interrupt_vector.o
f_UART1_TX_IRQHandler               00008663   defined in Debug\stm8s_it.o section .text
                                               used in Debug\stm8_interrupt_vector.o
